00:00.359  blend            | Read blend: "E:\WangZhen_Project\AI\ShuZiRen\Hermes\SZRYanJiu\演示版_终端控制端\05骨骼绑定\ARP新版测试_20260831\03B_骨骼标准化.blend"
00:00.453  reports          | WARNING New bone name collides with an existing vertex group name, vertex group names are unchanged. (Eye002_L::mixamorig:Head)
Blender 5.1.0 (hash adfe2921d5f3 built 2026-03-17 01:37:32)
00:00.453  reports          | WARNING New bone name collides with an existing vertex group name, vertex group names are unchanged. (Eye002_R::mixamorig:Head)
输入骨架: 55骨 连接骨=41 身体顶点组=55 眼球=['Eye002_L', 'Eye002_R']
Hips位移雅可比(局部轴→世界): x轴=(1.0, 0.0, 0.0) y轴=(0.0, 0.0, 1.0) z轴=(0.0, -1.0, 0.0)
  det=1.000000 (可逆✓)
  垂直轴=局部1 (世界z响应=1.0000)

==================================================
动画: Standard Walk (Standard Walk.fbx)
FBX version: 7700
WARNING: User property type 'Short' is not supported
WARNING: User property type 'Short' is not supported
WARNING: User property type 'Short' is not supported
WARNING: User property type 'Short' is not supported
WARNING: User property type 'Short' is not supported
WARNING: User property type 'Short' is not supported
WARNING: User property type 'Short' is not supported
WARNING: User property type 'Short' is not supported
WARNING: User property type 'Short' is not supported
WARNING: User property type 'Short' is not supported
WARNING: User property type 'Short' is not supported
WARNING: User property type 'Short' is not supported
WARNING: User property type 'Short' is not supported
WARNING: User property type 'Short' is not supported
WARNING: User property type 'Short' is not supported
WARNING: User property type 'Short' is not supported
WARNING: User property type 'Short' is not supported
WARNING: User property type 'Short' is not supported
WARNING: User property type 'Short' is not supported
WARNING: User property type 'Short' is not supported
WARNING: User property type 'Short' is not supported
WARNING: User property type 'Short' is not supported
WARNING: User property type 'Short' is not supported
WARNING: User property type 'Short' is not supported
WARNING: User property type 'Short' is not supported
WARNING: User property type 'Short' is not supported
WARNING: User property type 'Short' is not supported
WARNING: User property type 'Short' is not supported
WARNING: User property type 'Short' is not supported
WARNING: User property type 'Short' is not supported
WARNING: User property type 'Short' is not supported
WARNING: User property type 'Short' is not supported
WARNING: User property type 'Short' is not supported
WARNING: User property type 'Short' is not supported
WARNING: User property type 'Short' is not supported
WARNING: User property type 'Short' is not supported
WARNING: User property type 'Short' is not supported
WARNING: User property type 'Short' is not supported
WARNING: User property type 'Short' is not supported
WARNING: User property type 'Short' is not supported
WARNING: User property type 'Short' is not supported
WARNING: User property type 'Short' is not supported
WARNING: User property type 'Short' is not supported
WARNING: User property type 'Short' is not supported
WARNING: User property type 'Short' is not supported
WARNING: User property type 'Short' is not supported
WARNING: User property type 'Short' is not supported
WARNING: User property type 'Short' is not supported
WARNING: User property type 'Short' is not supported
WARNING: User property type 'Short' is not supported
WARNING: User property type 'Short' is not supported
WARNING: User property type 'Short' is not supported
WARNING: User property type 'Short' is not supported
WARNING: User property type 'Short' is not supported
WARNING: User property type 'Short' is not supported
WARNING: User property type 'Short' is not supported
WARNING: User property type 'Short' is not supported
WARNING: User property type 'Short' is not supported
WARNING: User property type 'Short' is not supported
WARNING: User property type 'Short' is not supported
WARNING: User property type 'Short' is not supported
WARNING: User property type 'Short' is not supported
WARNING: User property type 'Short' is not supported
WARNING: User property type 'Short' is not supported
WARNING: User property type 'Short' is not supported
  腿长比=0.9461 骨盆宽比=0.9342 (我们UpLeg|x|=85.2mm 参考=91.2mm)
  可重定向骨: 55/55
  帧1: 已写55骨
  帧36: 已写55骨
  绑定完成: 帧1-36 (36帧)

==================================================
动画: Running (Running.fbx)
FBX version: 7700
WARNING: User property type 'Short' is not supported
WARNING: User property type 'Short' is not supported
WARNING: User property type 'Short' is not supported
WARNING: User property type 'Short' is not supported
WARNING: User property type 'Short' is not supported
WARNING: User property type 'Short' is not supported
WARNING: User property type 'Short' is not supported
WARNING: User property type 'Short' is not supported
WARNING: User property type 'Short' is not supported
WARNING: User property type 'Short' is not supported
WARNING: User property type 'Short' is not supported
WARNING: User property type 'Short' is not supported
WARNING: User property type 'Short' is not supported
WARNING: User property type 'Short' is not supported
WARNING: User property type 'Short' is not supported
WARNING: User property type 'Short' is not supported
WARNING: User property type 'Short' is not supported
WARNING: User property type 'Short' is not supported
WARNING: User property type 'Short' is not supported
WARNING: User property type 'Short' is not supported
WARNING: User property type 'Short' is not supported
WARNING: User property type 'Short' is not supported
WARNING: User property type 'Short' is not supported
WARNING: User property type 'Short' is not supported
WARNING: User property type 'Short' is not supported
WARNING: User property type 'Short' is not supported
WARNING: User property type 'Short' is not supported
WARNING: User property type 'Short' is not supported
WARNING: User property type 'Short' is not supported
WARNING: User property type 'Short' is not supported
WARNING: User property type 'Short' is not supported
WARNING: User property type 'Short' is not supported
WARNING: User property type 'Short' is not supported
WARNING: User property type 'Short' is not supported
WARNING: User property type 'Short' is not supported
WARNING: User property type 'Short' is not supported
WARNING: User property type 'Short' is not supported
WARNING: User property type 'Short' is not supported
WARNING: User property type 'Short' is not supported
WARNING: User property type 'Short' is not supported
WARNING: User property type 'Short' is not supported
WARNING: User property type 'Short' is not supported
WARNING: User property type 'Short' is not supported
WARNING: User property type 'Short' is not supported
WARNING: User property type 'Short' is not supported
WARNING: User property type 'Short' is not supported
WARNING: User property type 'Short' is not supported
WARNING: User property type 'Short' is not supported
WARNING: User property type 'Short' is not supported
WARNING: User property type 'Short' is not supported
WARNING: User property type 'Short' is not supported
WARNING: User property type 'Short' is not supported
WARNING: User property type 'Short' is not supported
WARNING: User property type 'Short' is not supported
WARNING: User property type 'Short' is not supported
WARNING: User property type 'Short' is not supported
WARNING: User property type 'Short' is not supported
WARNING: User property type 'Short' is not supported
WARNING: User property type 'Short' is not supported
WARNING: User property type 'Short' is not supported
WARNING: User property type 'Short' is not supported
WARNING: User property type 'Short' is not supported
WARNING: User property type 'Short' is not supported
WARNING: User property type 'Short' is not supported
WARNING: User property type 'Short' is not supported
  腿长比=0.8842 骨盆宽比=1.0385 (我们UpLeg|x|=85.2mm 参考=82.1mm)
  可重定向骨: 55/55
  帧1: 已写55骨
  帧20: 已写55骨
  绑定完成: 帧1-20 (20帧)

==================================================
动画: Jump (Jump.fbx)
FBX version: 7700
WARNING: User property type 'Short' is not supported
WARNING: User property type 'Short' is not supported
WARNING: User property type 'Short' is not supported
WARNING: User property type 'Short' is not supported
WARNING: User property type 'Short' is not supported
WARNING: User property type 'Short' is not supported
WARNING: User property type 'Short' is not supported
WARNING: User property type 'Short' is not supported
WARNING: User property type 'Short' is not supported
WARNING: User property type 'Short' is not supported
WARNING: User property type 'Short' is not supported
WARNING: User property type 'Short' is not supported
WARNING: User property type 'Short' is not supported
WARNING: User property type 'Short' is not supported
WARNING: User property type 'Short' is not supported
WARNING: User property type 'Short' is not supported
WARNING: User property type 'Short' is not supported
WARNING: User property type 'Short' is not supported
WARNING: User property type 'Short' is not supported
WARNING: User property type 'Short' is not supported
WARNING: User property type 'Short' is not supported
WARNING: User property type 'Short' is not supported
WARNING: User property type 'Short' is not supported
WARNING: User property type 'Short' is not supported
WARNING: User property type 'Short' is not supported
WARNING: User property type 'Short' is not supported
WARNING: User property type 'Short' is not supported
WARNING: User property type 'Short' is not supported
WARNING: User property type 'Short' is not supported
WARNING: User property type 'Short' is not supported
WARNING: User property type 'Short' is not supported
WARNING: User property type 'Short' is not supported
WARNING: User property type 'Short' is not supported
WARNING: User property type 'Short' is not supported
WARNING: User property type 'Short' is not supported
WARNING: User property type 'Short' is not supported
WARNING: User property type 'Short' is not supported
WARNING: User property type 'Short' is not supported
WARNING: User property type 'Short' is not supported
WARNING: User property type 'Short' is not supported
WARNING: User property type 'Short' is not supported
WARNING: User property type 'Short' is not supported
WARNING: User property type 'Short' is not supported
WARNING: User property type 'Short' is not supported
WARNING: User property type 'Short' is not supported
WARNING: User property type 'Short' is not supported
WARNING: User property type 'Short' is not supported
WARNING: User property type 'Short' is not supported
WARNING: User property type 'Short' is not supported
WARNING: User property type 'Short' is not supported
WARNING: User property type 'Short' is not supported
WARNING: User property type 'Short' is not supported
WARNING: User property type 'Short' is not supported
WARNING: User property type 'Short' is not supported
WARNING: User property type 'Short' is not supported
WARNING: User property type 'Short' is not supported
WARNING: User property type 'Short' is not supported
WARNING: User property type 'Short' is not supported
WARNING: User property type 'Short' is not supported
WARNING: User property type 'Short' is not supported
WARNING: User property type 'Short' is not supported
WARNING: User property type 'Short' is not supported
WARNING: User property type 'Short' is not supported
WARNING: User property type 'Short' is not supported
WARNING: User property type 'Short' is not supported
  腿长比=0.8842 骨盆宽比=1.0385 (我们UpLeg|x|=85.2mm 参考=82.1mm)
  可重定向骨: 55/55
  帧1: 已写55骨
  帧31: 已写55骨
  绑定完成: 帧1-31 (31帧)

==================================================
自查
1) 结构: 与03快照差异骨=0 连接骨=41/55 PASS
2) 链关节重叠: 错位=0 PASS
   L腿着地踝(信息): min=48.6mm 均=58.4mm
   R腿着地踝(信息): min=27.8mm 均=44.7mm
FBX version: 7700
WARNING: User property type 'Short' is not supported
WARNING: User property type 'Short' is not supported
WARNING: User property type 'Short' is not supported
WARNING: User property type 'Short' is not supported
WARNING: User property type 'Short' is not supported
WARNING: User property type 'Short' is not supported
WARNING: User property type 'Short' is not supported
WARNING: User property type 'Short' is not supported
WARNING: User property type 'Short' is not supported
WARNING: User property type 'Short' is not supported
WARNING: User property type 'Short' is not supported
WARNING: User property type 'Short' is not supported
WARNING: User property type 'Short' is not supported
WARNING: User property type 'Short' is not supported
WARNING: User property type 'Short' is not supported
WARNING: User property type 'Short' is not supported
WARNING: User property type 'Short' is not supported
WARNING: User property type 'Short' is not supported
WARNING: User property type 'Short' is not supported
WARNING: User property type 'Short' is not supported
WARNING: User property type 'Short' is not supported
WARNING: User property type 'Short' is not supported
WARNING: User property type 'Short' is not supported
WARNING: User property type 'Short' is not supported
WARNING: User property type 'Short' is not supported
WARNING: User property type 'Short' is not supported
WARNING: User property type 'Short' is not supported
WARNING: User property type 'Short' is not supported
WARNING: User property type 'Short' is not supported
WARNING: User property type 'Short' is not supported
WARNING: User property type 'Short' is not supported
WARNING: User property type 'Short' is not supported
WARNING: User property type 'Short' is not supported
WARNING: User property type 'Short' is not supported
WARNING: User property type 'Short' is not supported
WARNING: User property type 'Short' is not supported
WARNING: User property type 'Short' is not supported
WARNING: User property type 'Short' is not supported
WARNING: User property type 'Short' is not supported
WARNING: User property type 'Short' is not supported
WARNING: User property type 'Short' is not supported
WARNING: User property type 'Short' is not supported
WARNING: User property type 'Short' is not supported
WARNING: User property type 'Short' is not supported
WARNING: User property type 'Short' is not supported
WARNING: User property type 'Short' is not supported
WARNING: User property type 'Short' is not supported
WARNING: User property type 'Short' is not supported
WARNING: User property type 'Short' is not supported
WARNING: User property type 'Short' is not supported
WARNING: User property type 'Short' is not supported
WARNING: User property type 'Short' is not supported
WARNING: User property type 'Short' is not supported
WARNING: User property type 'Short' is not supported
WARNING: User property type 'Short' is not supported
WARNING: User property type 'Short' is not supported
WARNING: User property type 'Short' is not supported
WARNING: User property type 'Short' is not supported
WARNING: User property type 'Short' is not supported
WARNING: User property type 'Short' is not supported
WARNING: User property type 'Short' is not supported
WARNING: User property type 'Short' is not supported
WARNING: User property type 'Short' is not supported
WARNING: User property type 'Short' is not supported
WARNING: User property type 'Short' is not supported
   双脚最小3D间距: 我们=35.0mm (硬性≥5mm) ✓ [参考自身=31.8mm]
   着地踝比例: 我们最紧=27.8mm/85mm=0.326 参考=31.1mm/91mm=0.341 阈值=0.205(参考×60%) ✓
3) Standard Walk: 36帧 Hips起伏5.2cm 腾空0帧 关键骨最大帧间转角17.6° 着地踝x[Lmin49/均58 Rmin28/均45]mm PASS
3) Running: 20帧 Hips起伏7.0cm 腾空7帧[3, 4, 5, 12, 13, 14] 关键骨最大帧间转角39.2° 着地踝x[Lmin21/均28 Rmin29/均35]mm PASS
3) Jump: 31帧 Hips起伏97.3cm 腾空17帧[3, 4, 5, 6, 7, 8] 关键骨最大帧间转角30.0° 着地踝x[Lmin98/均104 Rmin125/均135]mm PASS
Info: Saved "04_动作测试.blend"
Info: Saved "04_动作测试.blend"

文件内动作: ['Jump', 'Running', 'Standard Walk']
场景对象: ['Eye002_L', 'Eye002_R', 'MixamoSkeleton', 'tripo_node_89f96507-4268-42bd-8c27-bf6892366069_QR']
已保存: E:\WangZhen_Project\AI\ShuZiRen\Hermes\SZRYanJiu\演示版_终端控制端\05骨骼绑定\ARP新版测试_20260831\04_动作测试.blend
========== RETARGET_DONE ==========

Blender quit
